openjdk version "21.0.11" 2026-04-21
OpenJDK Runtime Environment (build 21.0.11)
OpenJDK 64-Bit Server VM (build 21.0.11, mixed mode)
Downloading https://services.gradle.org/distributions/gradle-8.7-bin.zip

Exception in thread "main" java.io.IOException: Downloading from https://services.gradle.org/distributions/gradle-8.7-bin.zip failed: timeout (10000ms)
	at org.gradle.wrapper.Install.forceFetch(SourceFile:4)
	at org.gradle.wrapper.Install$1.call(SourceFile:8)
	at org.gradle.wrapper.GradleWrapperMain.main(SourceFile:67)
Caused by: java.net.SocketTimeoutException: Read timed out
	at java.base/sun.nio.ch.NioSocketImpl.timedRead(NioSocketImpl.java:278)
	at java.base/sun.nio.ch.NioSocketImpl.implRead(NioSocketImpl.java:304)
	at java.base/sun.nio.ch.NioSocketImpl.read(NioSocketImpl.java:346)
	at java.base/sun.nio.ch.NioSocketImpl$1.read(NioSocketImpl.java:796)
	at java.base/java.net.Socket$SocketInputStream.read(Socket.java:1099)
	at java.base/sun.security.ssl.SSLSocketInputRecord.read(SSLSocketInputRecord.java:489)
	at java.base/sun.security.ssl.SSLSocketInputRecord.readFully(SSLSocketInputRecord.java:472)
	at java.base/sun.security.ssl.SSLSocketInputRecord.decodeInputRecord(SSLSocketInputRecord.java:243)
	at java.base/sun.security.ssl.SSLSocketInputRecord.decode(SSLSocketInputRecord.java:181)
	at java.base/sun.security.ssl.SSLTransport.decode(SSLTransport.java:111)
	at java.base/sun.security.ssl.SSLSocketImpl.decode(SSLSocketImpl.java:1508)
	at java.base/sun.security.ssl.SSLSocketImpl.readApplicationRecord(SSLSocketImpl.java:1479)
	at java.base/sun.security.ssl.SSLSocketImpl$AppInputStream.read(SSLSocketImpl.java:1066)
	at java.base/java.io.BufferedInputStream.read1(BufferedInputStream.java:345)
	at java.base/java.io.BufferedInputStream.implRead(BufferedInputStream.java:420)
	at java.base/java.io.BufferedInputStream.read(BufferedInputStream.java:399)
	at java.base/sun.net.www.MeteredStream.read(MeteredStream.java:131)
	at java.base/java.io.FilterInputStream.read(FilterInputStream.java:119)
	at java.base/sun.net.www.protocol.http.HttpURLConnection$HttpInputStream.read(HttpURLConnection.java:3707)
	at java.base/sun.net.www.protocol.http.HttpURLConnection$HttpInputStream.read(HttpURLConnection.java:3700)
	at org.gradle.wrapper.Install.forceFetch(SourceFile:2)
	... 2 more
